2025-11-07T14:55:00.406+05:30  INFO 5940 --- [shipchandling] [main] c.a.s.ShipchandlingApplication           : Starting ShipchandlingApplication using Java 21.0.8 with PID 5940 (D:\HEXALYTICS\AL-SARIF\shipchandling\target\classes started by 245 in D:\HEXALYTICS\AL-SARIF\shipchandling)
2025-11-07T14:55:00.410+05:30  INFO 5940 --- [shipchandling] [main] c.a.s.ShipchandlingApplication           : The following 1 profile is active: "oracle"
2025-11-07T14:55:01.709+05:30  INFO 5940 --- [shipchandling] [main] .s.d.r.c.RepositoryConfigurationDelegate : Bootstrapping Spring Data JPA repositories in DEFAULT mode.
2025-11-07T14:55:01.779+05:30  INFO 5940 --- [shipchandling] [main] .s.d.r.c.RepositoryConfigurationDelegate : Finished Spring Data repository scanning in 58 ms. Found 1 JPA repository interface.
2025-11-07T14:55:02.423+05:30  INFO 5940 --- [shipchandling] [main] o.s.b.w.embedded.tomcat.TomcatWebServer  : Tomcat initialized with port 8080 (http)
2025-11-07T14:55:02.439+05:30  INFO 5940 --- [shipchandling] [main] o.apache.catalina.core.StandardService   : Starting service [Tomcat]
2025-11-07T14:55:02.440+05:30  INFO 5940 --- [shipchandling] [main] o.apache.catalina.core.StandardEngine    : Starting Servlet engine: [Apache Tomcat/10.1.48]
2025-11-07T14:55:02.516+05:30  INFO 5940 --- [shipchandling] [main] o.a.c.c.C.[.[.[/api/shipchandling]       : Initializing Spring embedded WebApplicationContext
2025-11-07T14:55:02.517+05:30  INFO 5940 --- [shipchandling] [main] w.s.c.ServletWebServerApplicationContext : Root WebApplicationContext: initialization completed in 2028 ms
2025-11-07T14:55:03.004+05:30  INFO 5940 --- [shipchandling] [main] o.hibernate.jpa.internal.util.LogHelper  : HHH000204: Processing PersistenceUnitInfo [name: default]
2025-11-07T14:55:03.056+05:30  INFO 5940 --- [shipchandling] [main] org.hibernate.Version                    : HHH000412: Hibernate ORM core version 6.6.33.Final
2025-11-07T14:55:03.092+05:30  INFO 5940 --- [shipchandling] [main] o.h.c.internal.RegionFactoryInitiator    : HHH000026: Second-level cache disabled
2025-11-07T14:55:03.408+05:30  INFO 5940 --- [shipchandling] [main] o.s.o.j.p.SpringPersistenceUnitInfo      : No LoadTimeWeaver setup: ignoring JPA class transformer
2025-11-07T14:55:03.443+05:30  INFO 5940 --- [shipchandling] [main] com.zaxxer.hikari.HikariDataSource       : HikariPool-ASG - Starting...
2025-11-07T14:55:06.195+05:30  INFO 5940 --- [shipchandling] [main] com.zaxxer.hikari.pool.HikariPool        : HikariPool-ASG - Added connection oracle.jdbc.driver.T4CConnection@5d84e363
2025-11-07T14:55:06.198+05:30  INFO 5940 --- [shipchandling] [main] com.zaxxer.hikari.HikariDataSource       : HikariPool-ASG - Start completed.
2025-11-07T14:55:06.543+05:30  WARN 5940 --- [shipchandling] [main] org.hibernate.orm.deprecation            : HHH90000025: OracleDialect does not need to be specified explicitly using 'hibernate.dialect' (remove the property setting and it will be selected by default)
2025-11-07T14:55:07.315+05:30  INFO 5940 --- [shipchandling] [main] org.hibernate.orm.connections.pooling    : HHH10001005: Database info:
	Database JDBC URL [Connecting through datasource 'HikariDataSource (HikariPool-ASG)']
	Database driver: undefined/unknown
	Database version: 19.0
	Autocommit mode: undefined/unknown
	Isolation level: undefined/unknown
	Minimum pool size: undefined/unknown
	Maximum pool size: undefined/unknown
2025-11-07T14:55:07.899+05:30  INFO 5940 --- [shipchandling] [main] o.h.e.t.j.p.i.JtaPlatformInitiator       : HHH000489: No JTA platform available (set 'hibernate.transaction.jta.platform' to enable JTA platform integration)
2025-11-07T14:55:07.901+05:30  INFO 5940 --- [shipchandling] [main] j.LocalContainerEntityManagerFactoryBean : Initialized JPA EntityManagerFactory for persistence unit 'default'
2025-11-07T14:55:08.125+05:30  WARN 5940 --- [shipchandling] [main] JpaBaseConfiguration$JpaWebConfiguration : spring.jpa.open-in-view is enabled by default. Therefore, database queries may be performed during view rendering. Explicitly configure spring.jpa.open-in-view to disable this warning
2025-11-07T14:55:08.182+05:30  INFO 5940 --- [shipchandling] [main] o.s.v.b.OptionalValidatorFactoryBean     : Failed to set up a Bean Validation provider: jakarta.validation.NoProviderFoundException: Unable to create a Configuration, because no Jakarta Bean Validation provider could be found. Add a provider like Hibernate Validator (RI) to your classpath.
2025-11-07T14:55:08.873+05:30  INFO 5940 --- [shipchandling] [main] o.s.b.w.embedded.tomcat.TomcatWebServer  : Tomcat started on port 8080 (http) with context path '/api/shipchandling'
2025-11-07T14:55:08.882+05:30  INFO 5940 --- [shipchandling] [main] c.a.s.ShipchandlingApplication           : Started ShipchandlingApplication in 9.18 seconds (process running for 9.621)
2025-11-07T15:08:36.073+05:30  WARN 5940 --- [shipchandling] [HikariPool-ASG:housekeeper] com.zaxxer.hikari.pool.PoolBase          : HikariPool-ASG - Failed to validate connection oracle.jdbc.driver.T4CConnection@5d84e363 (IO Error: Invalid Operation, NOT Connected). Possibly consider using a shorter maxLifetime value.
2025-11-07T15:10:26.049+05:30  WARN 5940 --- [shipchandling] [HikariPool-ASG:housekeeper] com.zaxxer.hikari.pool.PoolBase          : HikariPool-ASG - Failed to validate connection oracle.jdbc.driver.T4CConnection@43494a93 (IO Error: Invalid Operation, NOT Connected). Possibly consider using a shorter maxLifetime value.
2025-11-07T15:10:43.743+05:30  WARN 5940 --- [shipchandling] [HikariPool-ASG:housekeeper] com.zaxxer.hikari.pool.PoolBase          : HikariPool-ASG - Failed to validate connection oracle.jdbc.driver.T4CConnection@422be121 (IO Error: Invalid Operation, NOT Connected). Possibly consider using a shorter maxLifetime value.
2025-11-07T15:11:29.206+05:30  WARN 5940 --- [shipchandling] [HikariPool-ASG:connection-adder] com.zaxxer.hikari.pool.PoolBase          : HikariPool-ASG - Pool is empty, failed to create/setup connection (e9dfa35f-15c5-451e-8f45-7927a68be31e)

java.sql.SQLRecoverableException: IO Error: The Network Adapter could not establish the connection (CONNECTION_ID=3z/6K4PmQOa+E/i3ur4G6Q==)
	at oracle.jdbc.driver.T4CConnection.handleLogonNetException(T4CConnection.java:874) ~[ojdbc11-21.1.0.0.jar:21.1.0.0.0]
	at oracle.jdbc.driver.T4CConnection.logon(T4CConnection.java:679) ~[ojdbc11-21.1.0.0.jar:21.1.0.0.0]
	at oracle.jdbc.driver.PhysicalConnection.connect(PhysicalConnection.java:1069) ~[ojdbc11-21.1.0.0.jar:21.1.0.0.0]
	at oracle.jdbc.driver.T4CDriverExtension.getConnection(T4CDriverExtension.java:90) ~[ojdbc11-21.1.0.0.jar:21.1.0.0.0]
	at oracle.jdbc.driver.OracleDriver.connect(OracleDriver.java:681) ~[ojdbc11-21.1.0.0.jar:21.1.0.0.0]
	at oracle.jdbc.driver.OracleDriver.connect(OracleDriver.java:602) ~[ojdbc11-21.1.0.0.jar:21.1.0.0.0]
	at com.zaxxer.hikari.util.DriverDataSource.getConnection(DriverDataSource.java:144) ~[HikariCP-6.3.3.jar:na]
	at com.zaxxer.hikari.pool.PoolBase.newConnection(PoolBase.java:370) ~[HikariCP-6.3.3.jar:na]
	at com.zaxxer.hikari.pool.PoolBase.newPoolEntry(PoolBase.java:207) ~[HikariCP-6.3.3.jar:na]
	at com.zaxxer.hikari.pool.HikariPool.createPoolEntry(HikariPool.java:488) ~[HikariCP-6.3.3.jar:na]
	at com.zaxxer.hikari.pool.HikariPool$PoolEntryCreator.call(HikariPool.java:752) ~[HikariCP-6.3.3.jar:na]
	at com.zaxxer.hikari.pool.HikariPool$PoolEntryCreator.call(HikariPool.java:731) ~[HikariCP-6.3.3.jar:na]
	at java.base/java.util.concurrent.FutureTask.run(FutureTask.java:317) ~[na:na]
	at java.base/java.util.concurrent.ThreadPoolExecutor.runWorker(ThreadPoolExecutor.java:1144) ~[na:na]
	at java.base/java.util.concurrent.ThreadPoolExecutor$Worker.run(ThreadPoolExecutor.java:642) ~[na:na]
	at java.base/java.lang.Thread.run(Thread.java:1583) ~[na:na]
Caused by: oracle.net.ns.NetException: The Network Adapter could not establish the connection (CONNECTION_ID=3z/6K4PmQOa+E/i3ur4G6Q==)
	at oracle.net.nt.ConnStrategy.execute(ConnStrategy.java:594) ~[ojdbc11-21.1.0.0.jar:21.1.0.0.0]
	at oracle.net.resolver.AddrResolution.resolveAndExecute(AddrResolution.java:565) ~[ojdbc11-21.1.0.0.jar:21.1.0.0.0]
	at oracle.net.ns.NSProtocol.establishConnection(NSProtocol.java:937) ~[ojdbc11-21.1.0.0.jar:21.1.0.0.0]
	at oracle.net.ns.NSProtocol.connect(NSProtocol.java:346) ~[ojdbc11-21.1.0.0.jar:21.1.0.0.0]
	at oracle.jdbc.driver.T4CConnection.connect(T4CConnection.java:2147) ~[ojdbc11-21.1.0.0.jar:21.1.0.0.0]
	at oracle.jdbc.driver.T4CConnection.logon(T4CConnection.java:644) ~[ojdbc11-21.1.0.0.jar:21.1.0.0.0]
	... 14 common frames omitted
Caused by: java.io.IOException: Connection timed out: connect, socket connect lapse 21045 ms. 10.100.200.95 1521  30000 (1/1) true
	at oracle.net.nt.TcpNTAdapter.establishSocket(TcpNTAdapter.java:421) ~[ojdbc11-21.1.0.0.jar:21.1.0.0.0]
	at oracle.net.nt.TcpNTAdapter.doLocalDNSLookupConnect(TcpNTAdapter.java:303) ~[ojdbc11-21.1.0.0.jar:21.1.0.0.0]
	at oracle.net.nt.TcpNTAdapter.connect(TcpNTAdapter.java:265) ~[ojdbc11-21.1.0.0.jar:21.1.0.0.0]
	at oracle.net.nt.ConnOption.connect(ConnOption.java:229) ~[ojdbc11-21.1.0.0.jar:21.1.0.0.0]
	at oracle.net.nt.ConnStrategy.executeConnOption(ConnStrategy.java:814) ~[ojdbc11-21.1.0.0.jar:21.1.0.0.0]
	at oracle.net.nt.ConnStrategy.execute(ConnStrategy.java:555) ~[ojdbc11-21.1.0.0.jar:21.1.0.0.0]
	... 19 common frames omitted
Caused by: java.net.ConnectException: Connection timed out: connect
	at java.base/sun.nio.ch.Net.connect0(Native Method) ~[na:na]
	at java.base/sun.nio.ch.Net.connect(Net.java:589) ~[na:na]
	at java.base/sun.nio.ch.Net.connect(Net.java:596) ~[na:na]
	at java.base/sun.nio.ch.SocketChannelImpl.connect(SocketChannelImpl.java:880) ~[na:na]
	at java.base/java.nio.channels.SocketChannel.open(SocketChannel.java:285) ~[na:na]
	at oracle.net.nt.TimeoutSocketChannel.connect(TimeoutSocketChannel.java:184) ~[ojdbc11-21.1.0.0.jar:21.1.0.0.0]
	at oracle.net.nt.TimeoutSocketChannel.<init>(TimeoutSocketChannel.java:158) ~[ojdbc11-21.1.0.0.jar:21.1.0.0.0]
	at oracle.net.nt.TcpNTAdapter.establishSocket(TcpNTAdapter.java:380) ~[ojdbc11-21.1.0.0.jar:21.1.0.0.0]
	... 24 common frames omitted

2025-11-07T15:43:34.220+05:30  INFO 5940 --- [shipchandling] [SpringApplicationShutdownHook] o.s.b.w.e.tomcat.GracefulShutdown        : Commencing graceful shutdown. Waiting for active requests to complete
2025-11-07T15:43:34.228+05:30  INFO 5940 --- [shipchandling] [tomcat-shutdown] o.s.b.w.e.tomcat.GracefulShutdown        : Graceful shutdown complete
2025-11-07T15:43:34.233+05:30  INFO 5940 --- [shipchandling] [SpringApplicationShutdownHook] j.LocalContainerEntityManagerFactoryBean : Closing JPA EntityManagerFactory for persistence unit 'default'
2025-11-07T15:43:34.235+05:30  INFO 5940 --- [shipchandling] [SpringApplicationShutdownHook] com.zaxxer.hikari.HikariDataSource       : HikariPool-ASG - Shutdown initiated...
2025-11-07T15:43:39.197+05:30  INFO 14964 --- [shipchandling] [main] c.a.s.ShipchandlingApplication           : Starting ShipchandlingApplication using Java 21.0.8 with PID 14964 (D:\HEXALYTICS\AL-SARIF\shipchandling\target\classes started by 245 in D:\HEXALYTICS\AL-SARIF\shipchandling)
2025-11-07T15:43:39.199+05:30  INFO 14964 --- [shipchandling] [main] c.a.s.ShipchandlingApplication           : The following 1 profile is active: "oracle"
2025-11-07T15:43:40.603+05:30  INFO 14964 --- [shipchandling] [main] .s.d.r.c.RepositoryConfigurationDelegate : Bootstrapping Spring Data JPA repositories in DEFAULT mode.
2025-11-07T15:43:40.712+05:30  INFO 14964 --- [shipchandling] [main] .s.d.r.c.RepositoryConfigurationDelegate : Finished Spring Data repository scanning in 92 ms. Found 1 JPA repository interface.
2025-11-07T15:43:41.635+05:30  INFO 14964 --- [shipchandling] [main] o.s.b.w.embedded.tomcat.TomcatWebServer  : Tomcat initialized with port 8080 (http)
2025-11-07T15:43:41.655+05:30  INFO 14964 --- [shipchandling] [main] o.apache.catalina.core.StandardService   : Starting service [Tomcat]
2025-11-07T15:43:41.656+05:30  INFO 14964 --- [shipchandling] [main] o.apache.catalina.core.StandardEngine    : Starting Servlet engine: [Apache Tomcat/10.1.48]
2025-11-07T15:43:41.760+05:30  INFO 14964 --- [shipchandling] [main] o.a.c.c.C.[.[.[/api/shipchandling]       : Initializing Spring embedded WebApplicationContext
2025-11-07T15:43:41.761+05:30  INFO 14964 --- [shipchandling] [main] w.s.c.ServletWebServerApplicationContext : Root WebApplicationContext: initialization completed in 2507 ms
2025-11-07T15:43:42.370+05:30  INFO 18204 --- [shipchandling] [main] c.a.s.ShipchandlingApplication           : Starting ShipchandlingApplication using Java 21.0.8 with PID 18204 (D:\HEXALYTICS\AL-SARIF\shipchandling\target\classes started by 245 in D:\HEXALYTICS\AL-SARIF\shipchandling)
2025-11-07T15:43:42.373+05:30  INFO 18204 --- [shipchandling] [main] c.a.s.ShipchandlingApplication           : The following 1 profile is active: "oracle"
2025-11-07T15:43:42.416+05:30  INFO 14964 --- [shipchandling] [main] o.hibernate.jpa.internal.util.LogHelper  : HHH000204: Processing PersistenceUnitInfo [name: default]
2025-11-07T15:43:42.596+05:30  INFO 14964 --- [shipchandling] [main] org.hibernate.Version                    : HHH000412: Hibernate ORM core version 6.6.33.Final
2025-11-07T15:43:42.700+05:30  INFO 14964 --- [shipchandling] [main] o.h.c.internal.RegionFactoryInitiator    : HHH000026: Second-level cache disabled
2025-11-07T15:43:43.333+05:30  INFO 14964 --- [shipchandling] [main] o.s.o.j.p.SpringPersistenceUnitInfo      : No LoadTimeWeaver setup: ignoring JPA class transformer
2025-11-07T15:43:43.404+05:30  INFO 14964 --- [shipchandling] [main] com.zaxxer.hikari.HikariDataSource       : HikariPool-ASG - Starting...
2025-11-07T15:43:43.990+05:30  INFO 18204 --- [shipchandling] [main] .s.d.r.c.RepositoryConfigurationDelegate : Bootstrapping Spring Data JPA repositories in DEFAULT mode.
2025-11-07T15:43:44.072+05:30  INFO 18204 --- [shipchandling] [main] .s.d.r.c.RepositoryConfigurationDelegate : Finished Spring Data repository scanning in 69 ms. Found 1 JPA repository interface.
2025-11-07T15:43:44.826+05:30  INFO 18204 --- [shipchandling] [main] o.s.b.w.embedded.tomcat.TomcatWebServer  : Tomcat initialized with port 8080 (http)
2025-11-07T15:43:44.903+05:30  INFO 18204 --- [shipchandling] [main] w.s.c.ServletWebServerApplicationContext : Root WebApplicationContext: initialization completed in 2445 ms
2025-11-07T15:43:45.447+05:30  INFO 18204 --- [shipchandling] [main] o.hibernate.jpa.internal.util.LogHelper  : HHH000204: Processing PersistenceUnitInfo [name: default]
2025-11-07T15:43:45.518+05:30  INFO 18204 --- [shipchandling] [main] org.hibernate.Version                    : HHH000412: Hibernate ORM core version 6.6.33.Final
2025-11-07T15:43:45.569+05:30  INFO 18204 --- [shipchandling] [main] o.h.c.internal.RegionFactoryInitiator    : HHH000026: Second-level cache disabled
2025-11-07T15:43:45.919+05:30  INFO 18204 --- [shipchandling] [main] o.s.o.j.p.SpringPersistenceUnitInfo      : No LoadTimeWeaver setup: ignoring JPA class transformer
2025-11-07T15:43:45.946+05:30  INFO 18204 --- [shipchandling] [main] com.zaxxer.hikari.HikariDataSource       : HikariPool-ASG - Starting...
2025-11-07T15:43:46.479+05:30  INFO 14964 --- [shipchandling] [main] com.zaxxer.hikari.pool.HikariPool        : HikariPool-ASG - Added connection oracle.jdbc.driver.T4CConnection@2c08c787
2025-11-07T15:43:46.480+05:30  INFO 14964 --- [shipchandling] [main] com.zaxxer.hikari.HikariDataSource       : HikariPool-ASG - Start completed.
2025-11-07T15:43:46.834+05:30  WARN 14964 --- [shipchandling] [main] org.hibernate.orm.deprecation            : HHH90000025: OracleDialect does not need to be specified explicitly using 'hibernate.dialect' (remove the property setting and it will be selected by default)
2025-11-07T15:43:47.558+05:30  INFO 14964 --- [shipchandling] [main] org.hibernate.orm.connections.pooling    : HHH10001005: Database info:
	Database JDBC URL [Connecting through datasource 'HikariDataSource (HikariPool-ASG)']
	Database driver: undefined/unknown
	Database version: 19.0
	Autocommit mode: undefined/unknown
	Isolation level: undefined/unknown
	Minimum pool size: undefined/unknown
	Maximum pool size: undefined/unknown
